dirty_lines=       0
0c3ff4efa3a74a617a72582c8756d6ccc84e3f8793253c7202f7b1f708081fe8  models/ChemBERTa/added_tokens.json
104e4501dcded61477d0c29b2e206c1224f099d27c50e4bdeb9ed0abcf6d9dab  models/ChemBERTa/config.json
215a6aba00d27bcd42b8ad1dccc4b4d23f40decc150bdbf0d5ce6bb2410708df  models/ChemBERTa/merges.txt
73ef313bb1499948e022e1e02a0420f2bcdff4bc7fdc6fd92a6c8c33f853692d  models/ChemBERTa/model.safetensors
de1fff4a8d761b007a5f945da34ba52c65ebeff199060deda174fa7212a58306  models/ChemBERTa/special_tokens_map.json
1879e1bc5562e4bc5053f9d8e4d9344b92adbeb079a16c6cda5534e1eb67ab09  models/ChemBERTa/tokenizer.json
f3005be144d4bcdaeb399cc90a8186b14e0bbadf46d4c8de6aa5f5438ad302bd  models/ChemBERTa/tokenizer_config.json
0c9afbd534ab59fa51718c998027da0e7932293c9a51de03317d4c83d3fe48f6  models/ChemBERTa/vocab.json
cd75571840bb36705629695164ed869ffbfe026a5fd3d3ba3511cb0cebaacb95  models/HANNA/HANNA.py
cde27be17a2db7ed319d49cbaf4d77d599d2d09b2526c52ace3bb2f9a1f9e2f1  models/HANNA/__pycache__/HANNA.cpython-311.pyc
96bf2c1ef512d0b1baf51b0f6e6ad222c2e7e10b58ee2cd96b82679405fb039b  models/HANNA/ensemble/HANNA_parameters_binary0.pt
0d08a33e88d10a9f1a8023f9e48b134d7d17523a29324527449c7786ae866353  models/HANNA/ensemble/HANNA_parameters_binary1.pt
255775c91528beaca5f9348d89827dcdf4b677f7945d437e93346c0a7ed23ee7  models/HANNA/ensemble/HANNA_parameters_binary2.pt
4d443d876ce83a22e1880005536ace6f17c02961028ab4d0564910093e3ea37f  models/HANNA/ensemble/HANNA_parameters_binary3.pt
c5a0b96b316ca7cb4ea19df22bd26c630f65e8704f6449cf39c63d93c2a0262f  models/HANNA/ensemble/HANNA_parameters_binary4.pt
742e15ee6adfcb1cee12c6e94303a7930bedfb835793bfe79af6cde67d4897fe  models/HANNA/ensemble/HANNA_parameters_binary5.pt
261b3b7a1f950405532e6e3d1885d020fea55341fc557d4b479d1a702089e73e  models/HANNA/ensemble/HANNA_parameters_binary6.pt
d5a34271a6eb9f69ae63a3f7b022adf78b921042cab2e4e24e46b2042fae8617  models/HANNA/ensemble/HANNA_parameters_binary7.pt
4261bac8a46250e0eace57cc8b52965b9ff2358df6a6c556661c74847e8cbc27  models/HANNA/ensemble/HANNA_parameters_binary8.pt
3ddb2c87193092afbead3c23cae26462a3f5a863ab8f497ea42d917554f65e71  models/HANNA/ensemble/HANNA_parameters_binary9.pt
nfiles=      20
aggregate ee0b38d3f6beb34467fee2615cafa6cb6a7bfcdc6e55508608d90f4f610ca4c6  -
EXIT=0
